nohup: ignoring input

 ⛅️ wrangler 4.45.3 (update available 4.59.2)
─────────────────────────────────────────────
Using vars defined in .dev.vars
Your Worker has access to the following bindings:
Binding                                  Resource                  Mode
env.DB (trade_db)                        D1 Database               local
env.trade_db (trade_db)                  D1 Database               remote
env.MYBROWSER                            Browser                   local
env.ASSETS                               Assets                    local
env.GEMINI_API_KEY ("(hidden)")          Environment Variable      local
env.GEMINI_API_KEY_2 ("(hidden)")        Environment Variable      local
env.GEMINI_API_KEY_3 ("(hidden)")        Environment Variable      local
env.COINDCX_API_KEY ("(hidden)")         Environment Variable      local
env.COINDCX_SECRET_KEY ("(hidden)")      Environment Variable      local

[33m▲ [43;33m[[43;30mWARNING[43;33m][0m [1mMiniflare does not currently trigger scheduled Workers automatically.[0m

  Refer to [4mhttps://developers.cloudflare.com/workers/configuration/cron-triggers/#test-cron-triggers[0m for more details 


⎔ Starting local server...
[wrangler:info] Ready on http://localhost:43647
⎔ Reloading local server...

[31m✘ [41;31m[[41;97mERROR[41;31m][0m [1mIn a non-interactive environment, it's necessary to set a CLOUDFLARE_API_TOKEN environment variable for wrangler to work. Please go to https://developers.cloudflare.com/fundamentals/api/get-started/create-token/ for instructions on how to create an api token, and assign its value to CLOUDFLARE_API_TOKEN.[0m


🪵  Logs were written to "/home/digitalmesh/.config/.wrangler/logs/wrangler-2026-01-16_06-38-21_676.log"
