[      75ms] [ERROR] Failed to load resource: the server responded with a status of 404 () @ https://crypto-autobot.jithin-thomas.workers.dev/index.html:0
[   30604ms] [ERROR] Failed to load resource: the server responded with a status of 404 () @ https://crypto-autobot.jithin-thomas.workers.dev/favicon.ico:0
[   56898ms] [ERROR] Failed to load resource: the server responded with a status of 404 () @ https://crypto-autobot.jithin-thomas.workers.dev/api/delta:0
[   57524ms] [ERROR] Failed to load resource: the server responded with a status of 500 () @ https://crypto-autobot.jithin-thomas.workers.dev/api/status:0
[   66898ms] [ERROR] Failed to load resource: the server responded with a status of 404 () @ https://crypto-autobot.jithin-thomas.workers.dev/api/delta:0
[   67514ms] [ERROR] Failed to load resource: the server responded with a status of 500 () @ https://crypto-autobot.jithin-thomas.workers.dev/api/status:0
[   76895ms] [ERROR] Failed to load resource: the server responded with a status of 404 () @ https://crypto-autobot.jithin-thomas.workers.dev/api/delta:0
[   77483ms] [ERROR] Failed to load resource: the server responded with a status of 500 () @ https://crypto-autobot.jithin-thomas.workers.dev/api/status:0
[   86904ms] [ERROR] Failed to load resource: the server responded with a status of 404 () @ https://crypto-autobot.jithin-thomas.workers.dev/api/delta:0
[   87497ms] [ERROR] Failed to load resource: the server responded with a status of 500 () @ https://crypto-autobot.jithin-thomas.workers.dev/api/status:0
[   96904ms] [ERROR] Failed to load resource: the server responded with a status of 404 () @ https://crypto-autobot.jithin-thomas.workers.dev/api/delta:0
[   97500ms] [ERROR] Failed to load resource: the server responded with a status of 500 () @ https://crypto-autobot.jithin-thomas.workers.dev/api/status:0
[  106896ms] [ERROR] Failed to load resource: the server responded with a status of 404 () @ https://crypto-autobot.jithin-thomas.workers.dev/api/delta:0
[  107514ms] [ERROR] Failed to load resource: the server responded with a status of 500 () @ https://crypto-autobot.jithin-thomas.workers.dev/api/status:0
[  116897ms] [ERROR] Failed to load resource: the server responded with a status of 404 () @ https://crypto-autobot.jithin-thomas.workers.dev/api/delta:0
[  117502ms] [ERROR] Failed to load resource: the server responded with a status of 500 () @ https://crypto-autobot.jithin-thomas.workers.dev/api/status:0
[  126898ms] [ERROR] Failed to load resource: the server responded with a status of 404 () @ https://crypto-autobot.jithin-thomas.workers.dev/api/delta:0
[  127512ms] [ERROR] Failed to load resource: the server responded with a status of 500 () @ https://crypto-autobot.jithin-thomas.workers.dev/api/status:0
[  136900ms] [ERROR] Failed to load resource: the server responded with a status of 404 () @ https://crypto-autobot.jithin-thomas.workers.dev/api/delta:0
[  137485ms] [ERROR] Failed to load resource: the server responded with a status of 500 () @ https://crypto-autobot.jithin-thomas.workers.dev/api/status:0
[  146897ms] [ERROR] Failed to load resource: the server responded with a status of 404 () @ https://crypto-autobot.jithin-thomas.workers.dev/api/delta:0
[  147505ms] [ERROR] Failed to load resource: the server responded with a status of 500 () @ https://crypto-autobot.jithin-thomas.workers.dev/api/status:0
[  156899ms] [ERROR] Failed to load resource: the server responded with a status of 404 () @ https://crypto-autobot.jithin-thomas.workers.dev/api/delta:0
[  157520ms] [ERROR] Failed to load resource: the server responded with a status of 500 () @ https://crypto-autobot.jithin-thomas.workers.dev/api/status:0
[  166903ms] [ERROR] Failed to load resource: the server responded with a status of 404 () @ https://crypto-autobot.jithin-thomas.workers.dev/api/delta:0
[  167522ms] [ERROR] Failed to load resource: the server responded with a status of 500 () @ https://crypto-autobot.jithin-thomas.workers.dev/api/status:0
[  176903ms] [ERROR] Failed to load resource: the server responded with a status of 404 () @ https://crypto-autobot.jithin-thomas.workers.dev/api/delta:0
[  177512ms] [ERROR] Failed to load resource: the server responded with a status of 500 () @ https://crypto-autobot.jithin-thomas.workers.dev/api/status:0
[  186899ms] [ERROR] Failed to load resource: the server responded with a status of 404 () @ https://crypto-autobot.jithin-thomas.workers.dev/api/delta:0
[  187482ms] [ERROR] Failed to load resource: the server responded with a status of 500 () @ https://crypto-autobot.jithin-thomas.workers.dev/api/status:0
[  196901ms] [ERROR] Failed to load resource: the server responded with a status of 404 () @ https://crypto-autobot.jithin-thomas.workers.dev/api/delta:0
[  197504ms] [ERROR] Failed to load resource: the server responded with a status of 500 () @ https://crypto-autobot.jithin-thomas.workers.dev/api/status:0
[  206900ms] [ERROR] Failed to load resource: the server responded with a status of 404 () @ https://crypto-autobot.jithin-thomas.workers.dev/api/delta:0
[  207513ms] [ERROR] Failed to load resource: the server responded with a status of 500 () @ https://crypto-autobot.jithin-thomas.workers.dev/api/status:0
[  216900ms] [ERROR] Failed to load resource: the server responded with a status of 404 () @ https://crypto-autobot.jithin-thomas.workers.dev/api/delta:0
[  217501ms] [ERROR] Failed to load resource: the server responded with a status of 500 () @ https://crypto-autobot.jithin-thomas.workers.dev/api/status:0
[  226889ms] [ERROR] Failed to load resource: the server responded with a status of 404 () @ https://crypto-autobot.jithin-thomas.workers.dev/api/delta:0
[  227489ms] [ERROR] Failed to load resource: the server responded with a status of 500 () @ https://crypto-autobot.jithin-thomas.workers.dev/api/status:0
[  236891ms] [ERROR] Failed to load resource: the server responded with a status of 404 () @ https://crypto-autobot.jithin-thomas.workers.dev/api/delta:0
[  237487ms] [ERROR] Failed to load resource: the server responded with a status of 500 () @ https://crypto-autobot.jithin-thomas.workers.dev/api/status:0
[  246896ms] [ERROR] Failed to load resource: the server responded with a status of 404 () @ https://crypto-autobot.jithin-thomas.workers.dev/api/delta:0
[  247518ms] [ERROR] Failed to load resource: the server responded with a status of 500 () @ https://crypto-autobot.jithin-thomas.workers.dev/api/status:0
[  256895ms] [ERROR] Failed to load resource: the server responded with a status of 404 () @ https://crypto-autobot.jithin-thomas.workers.dev/api/delta:0
[  257495ms] [ERROR] Failed to load resource: the server responded with a status of 500 () @ https://crypto-autobot.jithin-thomas.workers.dev/api/status:0
[  266896ms] [ERROR] Failed to load resource: the server responded with a status of 404 () @ https://crypto-autobot.jithin-thomas.workers.dev/api/delta:0
[  267484ms] [ERROR] Failed to load resource: the server responded with a status of 500 () @ https://crypto-autobot.jithin-thomas.workers.dev/api/status:0
[  276892ms] [ERROR] Failed to load resource: the server responded with a status of 404 () @ https://crypto-autobot.jithin-thomas.workers.dev/api/delta:0
[  277501ms] [ERROR] Failed to load resource: the server responded with a status of 500 () @ https://crypto-autobot.jithin-thomas.workers.dev/api/status:0
[  286893ms] [ERROR] Failed to load resource: the server responded with a status of 404 () @ https://crypto-autobot.jithin-thomas.workers.dev/api/delta:0
[  287504ms] [ERROR] Failed to load resource: the server responded with a status of 500 () @ https://crypto-autobot.jithin-thomas.workers.dev/api/status:0
[  296894ms] [ERROR] Failed to load resource: the server responded with a status of 404 () @ https://crypto-autobot.jithin-thomas.workers.dev/api/delta:0
[  297501ms] [ERROR] Failed to load resource: the server responded with a status of 500 () @ https://crypto-autobot.jithin-thomas.workers.dev/api/status:0
[  306894ms] [ERROR] Failed to load resource: the server responded with a status of 404 () @ https://crypto-autobot.jithin-thomas.workers.dev/api/delta:0
[  307497ms] [ERROR] Failed to load resource: the server responded with a status of 500 () @ https://crypto-autobot.jithin-thomas.workers.dev/api/status:0
[  316894ms] [ERROR] Failed to load resource: the server responded with a status of 404 () @ https://crypto-autobot.jithin-thomas.workers.dev/api/delta:0
[  317502ms] [ERROR] Failed to load resource: the server responded with a status of 500 () @ https://crypto-autobot.jithin-thomas.workers.dev/api/status:0
[  326897ms] [ERROR] Failed to load resource: the server responded with a status of 404 () @ https://crypto-autobot.jithin-thomas.workers.dev/api/delta:0
[  327516ms] [ERROR] Failed to load resource: the server responded with a status of 500 () @ https://crypto-autobot.jithin-thomas.workers.dev/api/status:0
[  336896ms] [ERROR] Failed to load resource: the server responded with a status of 404 () @ https://crypto-autobot.jithin-thomas.workers.dev/api/delta:0
[  337516ms] [ERROR] Failed to load resource: the server responded with a status of 500 () @ https://crypto-autobot.jithin-thomas.workers.dev/api/status:0
[  346895ms] [ERROR] Failed to load resource: the server responded with a status of 404 () @ https://crypto-autobot.jithin-thomas.workers.dev/api/delta:0
[  347499ms] [ERROR] Failed to load resource: the server responded with a status of 500 () @ https://crypto-autobot.jithin-thomas.workers.dev/api/status:0
[  356892ms] [ERROR] Failed to load resource: the server responded with a status of 404 () @ https://crypto-autobot.jithin-thomas.workers.dev/api/delta:0
[  357496ms] [ERROR] Failed to load resource: the server responded with a status of 500 () @ https://crypto-autobot.jithin-thomas.workers.dev/api/status:0
[  366896ms] [ERROR] Failed to load resource: the server responded with a status of 404 () @ https://crypto-autobot.jithin-thomas.workers.dev/api/delta:0
[  367511ms] [ERROR] Failed to load resource: the server responded with a status of 500 () @ https://crypto-autobot.jithin-thomas.workers.dev/api/status:0
[  376895ms] [ERROR] Failed to load resource: the server responded with a status of 404 () @ https://crypto-autobot.jithin-thomas.workers.dev/api/delta:0
[  377494ms] [ERROR] Failed to load resource: the server responded with a status of 500 () @ https://crypto-autobot.jithin-thomas.workers.dev/api/status:0
[  386896ms] [ERROR] Failed to load resource: the server responded with a status of 404 () @ https://crypto-autobot.jithin-thomas.workers.dev/api/delta:0
[  387504ms] [ERROR] Failed to load resource: the server responded with a status of 500 () @ https://crypto-autobot.jithin-thomas.workers.dev/api/status:0
[  396896ms] [ERROR] Failed to load resource: the server responded with a status of 404 () @ https://crypto-autobot.jithin-thomas.workers.dev/api/delta:0
[  397509ms] [ERROR] Failed to load resource: the server responded with a status of 500 () @ https://crypto-autobot.jithin-thomas.workers.dev/api/status:0
[  406893ms] [ERROR] Failed to load resource: the server responded with a status of 404 () @ https://crypto-autobot.jithin-thomas.workers.dev/api/delta:0
[  407517ms] [ERROR] Failed to load resource: the server responded with a status of 500 () @ https://crypto-autobot.jithin-thomas.workers.dev/api/status:0
[  416896ms] [ERROR] Failed to load resource: the server responded with a status of 404 () @ https://crypto-autobot.jithin-thomas.workers.dev/api/delta:0
[  417506ms] [ERROR] Failed to load resource: the server responded with a status of 500 () @ https://crypto-autobot.jithin-thomas.workers.dev/api/status:0
[  426894ms] [ERROR] Failed to load resource: the server responded with a status of 404 () @ https://crypto-autobot.jithin-thomas.workers.dev/api/delta:0
[  427519ms] [ERROR] Failed to load resource: the server responded with a status of 500 () @ https://crypto-autobot.jithin-thomas.workers.dev/api/status:0
[  436893ms] [ERROR] Failed to load resource: the server responded with a status of 404 () @ https://crypto-autobot.jithin-thomas.workers.dev/api/delta:0
[  437513ms] [ERROR] Failed to load resource: the server responded with a status of 500 () @ https://crypto-autobot.jithin-thomas.workers.dev/api/status:0
[  446894ms] [ERROR] Failed to load resource: the server responded with a status of 404 () @ https://crypto-autobot.jithin-thomas.workers.dev/api/delta:0
[  447509ms] [ERROR] Failed to load resource: the server responded with a status of 500 () @ https://crypto-autobot.jithin-thomas.workers.dev/api/status:0
[  456895ms] [ERROR] Failed to load resource: the server responded with a status of 404 () @ https://crypto-autobot.jithin-thomas.workers.dev/api/delta:0
[  457510ms] [ERROR] Failed to load resource: the server responded with a status of 500 () @ https://crypto-autobot.jithin-thomas.workers.dev/api/status:0
[  466892ms] [ERROR] Failed to load resource: the server responded with a status of 404 () @ https://crypto-autobot.jithin-thomas.workers.dev/api/delta:0
[  467503ms] [ERROR] Failed to load resource: the server responded with a status of 500 () @ https://crypto-autobot.jithin-thomas.workers.dev/api/status:0
[  476897ms] [ERROR] Failed to load resource: the server responded with a status of 404 () @ https://crypto-autobot.jithin-thomas.workers.dev/api/delta:0
[  477508ms] [ERROR] Failed to load resource: the server responded with a status of 500 () @ https://crypto-autobot.jithin-thomas.workers.dev/api/status:0
[  486897ms] [ERROR] Failed to load resource: the server responded with a status of 404 () @ https://crypto-autobot.jithin-thomas.workers.dev/api/delta:0
[  487498ms] [ERROR] Failed to load resource: the server responded with a status of 500 () @ https://crypto-autobot.jithin-thomas.workers.dev/api/status:0
[  496895ms] [ERROR] Failed to load resource: the server responded with a status of 404 () @ https://crypto-autobot.jithin-thomas.workers.dev/api/delta:0
[  497510ms] [ERROR] Failed to load resource: the server responded with a status of 500 () @ https://crypto-autobot.jithin-thomas.workers.dev/api/status:0
[  506894ms] [ERROR] Failed to load resource: the server responded with a status of 404 () @ https://crypto-autobot.jithin-thomas.workers.dev/api/delta:0
[  507501ms] [ERROR] Failed to load resource: the server responded with a status of 500 () @ https://crypto-autobot.jithin-thomas.workers.dev/api/status:0
[  516892ms] [ERROR] Failed to load resource: the server responded with a status of 404 () @ https://crypto-autobot.jithin-thomas.workers.dev/api/delta:0
[  517501ms] [ERROR] Failed to load resource: the server responded with a status of 500 () @ https://crypto-autobot.jithin-thomas.workers.dev/api/status:0
[  526893ms] [ERROR] Failed to load resource: the server responded with a status of 404 () @ https://crypto-autobot.jithin-thomas.workers.dev/api/delta:0
[  527498ms] [ERROR] Failed to load resource: the server responded with a status of 500 () @ https://crypto-autobot.jithin-thomas.workers.dev/api/status:0
[  536896ms] [ERROR] Failed to load resource: the server responded with a status of 404 () @ https://crypto-autobot.jithin-thomas.workers.dev/api/delta:0
[  537490ms] [ERROR] Failed to load resource: the server responded with a status of 500 () @ https://crypto-autobot.jithin-thomas.workers.dev/api/status:0
[  546894ms] [ERROR] Failed to load resource: the server responded with a status of 404 () @ https://crypto-autobot.jithin-thomas.workers.dev/api/delta:0
[  547485ms] [ERROR] Failed to load resource: the server responded with a status of 500 () @ https://crypto-autobot.jithin-thomas.workers.dev/api/status:0
[  556893ms] [ERROR] Failed to load resource: the server responded with a status of 404 () @ https://crypto-autobot.jithin-thomas.workers.dev/api/delta:0
[  557504ms] [ERROR] Failed to load resource: the server responded with a status of 500 () @ https://crypto-autobot.jithin-thomas.workers.dev/api/status:0
[  566894ms] [ERROR] Failed to load resource: the server responded with a status of 404 () @ https://crypto-autobot.jithin-thomas.workers.dev/api/delta:0
[  567504ms] [ERROR] Failed to load resource: the server responded with a status of 500 () @ https://crypto-autobot.jithin-thomas.workers.dev/api/status:0
[  576892ms] [ERROR] Failed to load resource: the server responded with a status of 404 () @ https://crypto-autobot.jithin-thomas.workers.dev/api/delta:0
[  577519ms] [ERROR] Failed to load resource: the server responded with a status of 500 () @ https://crypto-autobot.jithin-thomas.workers.dev/api/status:0
[  586894ms] [ERROR] Failed to load resource: the server responded with a status of 404 () @ https://crypto-autobot.jithin-thomas.workers.dev/api/delta:0
[  587507ms] [ERROR] Failed to load resource: the server responded with a status of 500 () @ https://crypto-autobot.jithin-thomas.workers.dev/api/status:0
[  596895ms] [ERROR] Failed to load resource: the server responded with a status of 404 () @ https://crypto-autobot.jithin-thomas.workers.dev/api/delta:0
[  597499ms] [ERROR] Failed to load resource: the server responded with a status of 500 () @ https://crypto-autobot.jithin-thomas.workers.dev/api/status:0
[  606895ms] [ERROR] Failed to load resource: the server responded with a status of 404 () @ https://crypto-autobot.jithin-thomas.workers.dev/api/delta:0
[  607502ms] [ERROR] Failed to load resource: the server responded with a status of 500 () @ https://crypto-autobot.jithin-thomas.workers.dev/api/status:0
[  616897ms] [ERROR] Failed to load resource: the server responded with a status of 404 () @ https://crypto-autobot.jithin-thomas.workers.dev/api/delta:0
[  617488ms] [ERROR] Failed to load resource: the server responded with a status of 500 () @ https://crypto-autobot.jithin-thomas.workers.dev/api/status:0
[  626894ms] [ERROR] Failed to load resource: the server responded with a status of 404 () @ https://crypto-autobot.jithin-thomas.workers.dev/api/delta:0
[  627489ms] [ERROR] Failed to load resource: the server responded with a status of 500 () @ https://crypto-autobot.jithin-thomas.workers.dev/api/status:0
[  636895ms] [ERROR] Failed to load resource: the server responded with a status of 404 () @ https://crypto-autobot.jithin-thomas.workers.dev/api/delta:0
[  637514ms] [ERROR] Failed to load resource: the server responded with a status of 500 () @ https://crypto-autobot.jithin-thomas.workers.dev/api/status:0
[  646894ms] [ERROR] Failed to load resource: the server responded with a status of 404 () @ https://crypto-autobot.jithin-thomas.workers.dev/api/delta:0
[  647496ms] [ERROR] Failed to load resource: the server responded with a status of 500 () @ https://crypto-autobot.jithin-thomas.workers.dev/api/status:0
[  656894ms] [ERROR] Failed to load resource: the server responded with a status of 404 () @ https://crypto-autobot.jithin-thomas.workers.dev/api/delta:0
[  657484ms] [ERROR] Failed to load resource: the server responded with a status of 500 () @ https://crypto-autobot.jithin-thomas.workers.dev/api/status:0
[  666891ms] [ERROR] Failed to load resource: the server responded with a status of 404 () @ https://crypto-autobot.jithin-thomas.workers.dev/api/delta:0
[  667495ms] [ERROR] Failed to load resource: the server responded with a status of 500 () @ https://crypto-autobot.jithin-thomas.workers.dev/api/status:0
[  676895ms] [ERROR] Failed to load resource: the server responded with a status of 404 () @ https://crypto-autobot.jithin-thomas.workers.dev/api/delta:0
[  677502ms] [ERROR] Failed to load resource: the server responded with a status of 500 () @ https://crypto-autobot.jithin-thomas.workers.dev/api/status:0
[  686895ms] [ERROR] Failed to load resource: the server responded with a status of 404 () @ https://crypto-autobot.jithin-thomas.workers.dev/api/delta:0
[  687510ms] [ERROR] Failed to load resource: the server responded with a status of 500 () @ https://crypto-autobot.jithin-thomas.workers.dev/api/status:0
[  696895ms] [ERROR] Failed to load resource: the server responded with a status of 404 () @ https://crypto-autobot.jithin-thomas.workers.dev/api/delta:0
[  697546ms] [ERROR] Failed to load resource: the server responded with a status of 500 () @ https://crypto-autobot.jithin-thomas.workers.dev/api/status:0
[  706895ms] [ERROR] Failed to load resource: the server responded with a status of 404 () @ https://crypto-autobot.jithin-thomas.workers.dev/api/delta:0
[  707509ms] [ERROR] Failed to load resource: the server responded with a status of 500 () @ https://crypto-autobot.jithin-thomas.workers.dev/api/status:0
[  716894ms] [ERROR] Failed to load resource: the server responded with a status of 404 () @ https://crypto-autobot.jithin-thomas.workers.dev/api/delta:0
[  717497ms] [ERROR] Failed to load resource: the server responded with a status of 500 () @ https://crypto-autobot.jithin-thomas.workers.dev/api/status:0
[  726895ms] [ERROR] Failed to load resource: the server responded with a status of 404 () @ https://crypto-autobot.jithin-thomas.workers.dev/api/delta:0
[  727503ms] [ERROR] Failed to load resource: the server responded with a status of 500 () @ https://crypto-autobot.jithin-thomas.workers.dev/api/status:0
[  736896ms] [ERROR] Failed to load resource: the server responded with a status of 404 () @ https://crypto-autobot.jithin-thomas.workers.dev/api/delta:0
[  737508ms] [ERROR] Failed to load resource: the server responded with a status of 500 () @ https://crypto-autobot.jithin-thomas.workers.dev/api/status:0
[  746989ms] [ERROR] Failed to load resource: the server responded with a status of 404 () @ https://crypto-autobot.jithin-thomas.workers.dev/api/delta:0
[  747514ms] [ERROR] Failed to load resource: the server responded with a status of 500 () @ https://crypto-autobot.jithin-thomas.workers.dev/api/status:0
[  756895ms] [ERROR] Failed to load resource: the server responded with a status of 404 () @ https://crypto-autobot.jithin-thomas.workers.dev/api/delta:0
[  757508ms] [ERROR] Failed to load resource: the server responded with a status of 500 () @ https://crypto-autobot.jithin-thomas.workers.dev/api/status:0
[  766892ms] [ERROR] Failed to load resource: the server responded with a status of 404 () @ https://crypto-autobot.jithin-thomas.workers.dev/api/delta:0
[  767489ms] [ERROR] Failed to load resource: the server responded with a status of 500 () @ https://crypto-autobot.jithin-thomas.workers.dev/api/status:0
[  776893ms] [ERROR] Failed to load resource: the server responded with a status of 404 () @ https://crypto-autobot.jithin-thomas.workers.dev/api/delta:0
[  777492ms] [ERROR] Failed to load resource: the server responded with a status of 500 () @ https://crypto-autobot.jithin-thomas.workers.dev/api/status:0
[  786890ms] [ERROR] Failed to load resource: the server responded with a status of 404 () @ https://crypto-autobot.jithin-thomas.workers.dev/api/delta:0
[  787509ms] [ERROR] Failed to load resource: the server responded with a status of 500 () @ https://crypto-autobot.jithin-thomas.workers.dev/api/status:0
[  796895ms] [ERROR] Failed to load resource: the server responded with a status of 404 () @ https://crypto-autobot.jithin-thomas.workers.dev/api/delta:0
[  797494ms] [ERROR] Failed to load resource: the server responded with a status of 500 () @ https://crypto-autobot.jithin-thomas.workers.dev/api/status:0
[  806896ms] [ERROR] Failed to load resource: the server responded with a status of 404 () @ https://crypto-autobot.jithin-thomas.workers.dev/api/delta:0
[  807510ms] [ERROR] Failed to load resource: the server responded with a status of 500 () @ https://crypto-autobot.jithin-thomas.workers.dev/api/status:0
[  816893ms] [ERROR] Failed to load resource: the server responded with a status of 404 () @ https://crypto-autobot.jithin-thomas.workers.dev/api/delta:0
[  817496ms] [ERROR] Failed to load resource: the server responded with a status of 500 () @ https://crypto-autobot.jithin-thomas.workers.dev/api/status:0
[  825989ms] [ERROR] Failed to load resource: the server responded with a status of 404 () @ https://crypto-autobot.jithin-thomas.workers.dev/api/delta:0
[  826604ms] [ERROR] Failed to load resource: the server responded with a status of 500 () @ https://crypto-autobot.jithin-thomas.workers.dev/api/status:0
[  826892ms] [ERROR] Failed to load resource: the server responded with a status of 404 () @ https://crypto-autobot.jithin-thomas.workers.dev/api/delta:0
[  827482ms] [ERROR] Failed to load resource: the server responded with a status of 500 () @ https://crypto-autobot.jithin-thomas.workers.dev/api/status:0
